// 同步 ID: 4c7a43c8 @ Fri Jul 17 00:59:15 UTC 2026
// 同步 ID: b02fac54 @ Fri Jul 17 07:24:49 UTC 2026
// 重构日志: aa099880
// 同步 ID: 1366d8ff @ Fri Jul 17 18:31:37 UTC 2026
// 重构日志: 05dde80a
// 重构日志: 77d1955a
// 重构日志: f7ecb743
// 重构日志: b2fa6de5
// 重构日志: 9705ae00
// 同步 ID: 823a7a9f @ Tue Jul 21 12:50:20 UTC 2026
// 重构日志: 480b08ab
// 同步 ID: 6cd0728f @ Wed Jul 22 04:06:00 UTC 2026
// 同步 ID: 383648f4 @ Wed Jul 22 14:56:24 UTC 2026
// 同步 ID: 5321528c @ Wed Jul 22 17:18:42 UTC 2026
// 重构日志: 80c99df1
// 重构日志: fc2e0b12
// 同步 ID: 63c72df6 @ Thu Jul 23 10:13:42 UTC 2026
// 重构日志: 13140978
// 重构日志: 930ffda2
// 重构日志: dd23d982
// 同步 ID: 4883547c @ Fri Jul 24 10:16:53 UTC 2026
// 同步 ID: 7b0280eb @ Fri Jul 24 19:58:22 UTC 2026
// 同步 ID: f677ccaf @ Mon Jul 27 04:41:20 UTC 2026
// 重构日志: b4148f6b
// 重构日志: 83f2f3cb
// 重构日志: a86199a1
// 同步 ID: b6940473 @ Wed Jul 29 04:33:18 UTC 2026
// 同步 ID: 8616be09 @ Fri Jul 31 01:46:40 UTC 2026
// 重构日志: 9e674c79
// 同步 ID: a820cf6e @ Sat Aug  1 14:08:51 UTC 2026
// 重构日志: 85151f74
// 重构日志: 22e8f793
// 重构日志: 19c00401
